   鈻?Next.js 15.5.18
   - Environments: .env

   Creating an optimized production build ...
